---
source: src/test.rs
expression: window
---
-----------------00------------------
00 |                                |
01 |                                |
02 |                                |
03 |                                |
04 |                                |
05 |                                |
06 |                                |
07 |                                |
08 |                                |
09 |                                |
-----------------01------------------
00 |                                |
01 |                                |
02 |                                |
03 |                                |
04 |                                |
05 |                                |
06 |                                |
07 |                                |
08 |                                |
09 |                                |
-----------------02------------------
00 |                  Ｇ            |
01 |                                |
02 |                                |
03 |                                |
04 |                                |
05 |                                |
06 |                                |
07 |                                |
08 |                                |
09 |                                |
-----------------03------------------
00 |                  Ｇ            |
01 |                  Ｉ            |
02 |                                |
03 |                                |
04 |                                |
05 |                                |
06 |                                |
07 |                                |
08 |                                |
09 |                                |
-----------------04------------------
00 |                  Ｇ        Ｙ  |
01 |                  Ｉ            |
02 |                                |
03 |                                |
04 |                                |
05 |                                |
06 |                                |
07 |                                |
08 |                                |
09 |                                |
-----------------05------------------
00 |                  Ｇ      ＢＹ  |
01 |                  Ｉ            |
02 |                  Ｒ            |
03 |                                |
04 |                                |
05 |                                |
06 |                                |
07 |                                |
08 |                                |
09 |                                |
-----------------06------------------
00 |            Ｒ    Ｇ      ＢＹ  |
01 |                  Ｉ        Ｊ  |
02 |                  Ｒ            |
03 |                  Ａ            |
04 |                                |
05 |                                |
06 |                                |
07 |                                |
08 |                                |
09 |                                |
-----------------07------------------
00 |            Ｒ  ＵＧ  Ｙ  ＢＹ  |
01 |            Ｇ    Ｉ      ＦＪ  |
02 |                  Ｒ            |
03 |                  Ａ            |
04 |                  Ｃ            |
05 |                                |
06 |                                |
07 |                                |
08 |                                |
09 |                                |
-----------------08------------------
00 |Ｕ          Ｒ  Ｕ    Ｙ  ＢＹ  |
01 |            Ｇ  ＯＩ      ＦＪ  |
02 |            Ｖ    Ｒ        Ｗ  |
03 |                  Ａ            |
04 |                  Ｃ            |
05 |                  Ｌ            |
06 |                                |
07 |                                |
08 |                                |
09 |                                |
-----------------09------------------
00 |Ｕ          Ｒ  Ｕ    Ｙ  ＢＹ  |
01 |            Ｇ  ＯＩ  Ｎ  ＦＪ  |
02 |            Ｖ  ＦＲ      ＩＷ  |
03 |            Ａ    Ａ            |
04 |                  Ｃ            |
05 |                  Ｌ            |
06 |                                |
07 |                                |
08 |                                |
09 |                                |
-----------------0A------------------
00 |Ｕ          Ｒ  Ｕ    Ｙ  ＢＹ  |
01 |Ｔ          Ｇ  Ｏ    Ｎ  ＦＪ  |
02 |            Ｖ  ＦＲ      ＩＷ  |
03 |            Ａ  ＴＡ        Ｆ  |
04 |            Ｊ    Ｃ            |
05 |                  Ｌ            |
06 |                  Ｙ            |
07 |                                |
08 |                                |
09 |                                |
-----------------0B------------------
00 |ＵＧ          Ｐ      Ｙ  ＢＹ  |
01 |Ｔ          Ｇ  Ｏ    Ｎ  ＦＪ  |
02 |Ｍ          Ｖ  Ｆ    Ｄ  ＩＷ  |
03 |            Ａ  ＴＡ      ＶＦ  |
04 |            Ｊ  ＴＣ            |
05 |            Ｘ    Ｌ            |
06 |                  Ｙ            |
07 |                  Ｇ            |
08 |                                |
09 |                                |
-----------------0C------------------
00 |ＵＧ      Ｌ  Ｐ      Ｙ  ＢＹ  |
01 |Ｔ            Ｗ      Ｎ  ＦＪ  |
02 |Ｍ          Ｖ  Ｆ    Ｄ  ＩＷ  |
03 |Ｍ          Ａ  Ｔ        ＶＦ  |
04 |            Ｊ  ＴＣ        Ｘ  |
05 |            Ｘ  ＱＬ            |
06 |            Ｒ    Ｙ            |
07 |                  Ｇ            |
08 |                  Ｇ            |
09 |                                |
-----------------0D------------------
00 |ＵＧ      Ｌ  Ｐ    ＧＹＫＢＹ  |
01 |ＴＬ          Ｗ      Ｎ  ＦＪ  |
02 |Ｍ            Ｌ      Ｄ  ＩＷ  |
03 |Ｍ          Ａ  Ｔ    Ｊ  ＶＦ  |
04 |            Ｊ  Ｔ        ＬＸ  |
05 |            Ｘ  ＱＬ            |
06 |            Ｒ  ＲＹ            |
07 |            Ｙ    Ｇ            |
08 |                  Ｇ            |
09 |                  Ｅ            |
-----------------0E------------------
00 |ＵＧＲＥＥＬ  Ｐ    ＧＹＫＢ    |
01 |ＴＬ      Ｃ  Ｗ    ＬＮ  ＦＪ  |
02 |Ｍ            Ｌ      Ｄ  ＩＷ  |
03 |Ｍ            Ｇ      Ｊ  ＶＦ  |
04 |Ｍ          Ｊ  Ｔ        ＬＸ  |
05 |            Ｘ  Ｑ          Ｇ  |
06 |            Ｒ  ＲＹ            |
07 |            Ｙ  ＧＧ            |
08 |            Ｂ    Ｇ            |
09 |                  Ｅ            |
-----------------0F------------------
00 |ＵＧＲＥＥＬ        ＧＹＫ      |
01 |ＴＬ      Ｃ  Ｗ    ＬＮＡＦＪ  |
02 |ＭＫ          Ｌ    ＣＤ  ＩＷ  |
03 |Ｍ            Ｇ      Ｊ  ＶＦ  |
04 |Ｍ            Ａ      Ｒ  ＬＸ  |
05 |            Ｘ  Ｑ        ＶＧ  |
06 |            Ｒ  ＲＹ            |
07 |            Ｙ  ＧＧ            |
08 |            Ｂ  ＬＧ            |
09 |            Ｘ    Ｅ            |
-----------------10------------------
00 |  ＧＲＥＥＬ        ＧＹＫ      |
01 |ＴＬＲＮＧＣ        ＬＮＡＦ    |
02 |ＭＫ      Ｌ  Ｌ    ＣＤ  ＩＷ  |
03 |Ｍ            Ｇ    ＬＪ  ＶＦ  |
04 |Ｍ            Ａ      Ｒ  ＬＸ  |
05 |Ｖ            Ｖ          ＶＧ  |
06 |            Ｒ  Ｒ          Ｗ  |
07 |            Ｙ  ＧＧ            |
08 |            Ｂ  ＬＧ            |
09 |            Ｘ  ＶＥ            |
-----------------11------------------
00 |  ＧＲＥＥＬ        Ｇ  Ｋ    Ｐ|
01 |  ＬＲＮＧＣ        ＬＮＡ      |
02 |ＭＫ    ＹＬ        ＣＤＹＩＷ  |
03 |ＭＵ          Ｇ    ＬＪ  ＶＦ  |
04 |Ｍ            Ａ    ＡＲ  ＬＸ  |
05 |Ｖ            Ｖ      Ａ  ＶＧ  |
06 |Ｊ            Ｄ          ＩＷ  |
07 |            Ｙ  Ｇ              |
08 |            Ｂ  ＬＧ            |
09 |            Ｘ  ＶＥ            |
-----------------12------------------
00 |  ＧＲＥＥＬ            Ｋ    Ｐ|
01 |  ＬＲＮＧＣ        ＬＮＡ    Ｒ|
02 |  ＫＹＴＹＬ        ＣＤＹＩ    |
03 |ＭＵ      Ａ        ＬＪ  ＶＦ  |
04 |Ｍ            Ａ    ＡＲ  ＬＸ  |
05 |Ｖ            Ｖ    ＣＡ  ＶＧ  |
06 |Ｊ            Ｄ          ＩＷ  |
07 |Ｄ            Ｇ            Ｐ  |
08 |            Ｂ  Ｌ              |
09 |            Ｘ  ＶＥ            |
-----------------13------------------
00 |  ＧＲＥＥＬ            Ｋ    Ｐ|
01 |  ＬＲＮＧＣ            Ａ    Ｒ|
02 |  ＫＹＴＹＬ        ＣＤＹ    Ｈ|
03 |  Ｕ    ＫＡ        ＬＪＴＶＦ  |
04 |ＭＢ                ＡＲ  ＬＸ  |
05 |Ｖ            Ｖ    ＣＡ  ＶＧ  |
06 |Ｊ            Ｄ    ＤＴ  ＩＷ  |
07 |Ｄ            Ｇ          ＫＰ  |
08 |Ｌ            Ｊ                |
09 |            Ｘ  Ｖ              |
-----------------14------------------
00 |  ＧＲＥＥＬ            Ｋ    Ｐ|
01 |  ＬＲＮＧＣ            Ａ    Ｒ|
02 |  ＫＹＴＹＬ          ＤＹ    Ｈ|
03 |  ＵＸＯＫＡ        ＬＪＴＶ  Ｄ|
04 |  Ｂ      Ｃ        ＡＲ  ＬＸ  |
05 |Ｖ                  ＣＡ  ＶＧ  |
06 |Ｊ            Ｄ    ＤＴ  ＩＷ  |
07 |Ｄ            Ｇ    Ｒ    ＫＰ  |
08 |Ｌ            Ｊ            Ｈ  |
09 |Ｌ            Ａ                |
-----------------15------------------
00 |    ＲＥＥＬ            Ｋ      |
01 |  ＬＲＮＧＣ            Ａ    Ｒ|
02 |  ＫＹＴＹＬ            Ｙ    Ｈ|
03 |  ＵＸＯＫＡ          ＪＴ    Ｄ|
04 |  Ｂ    ＳＣ        ＡＲＰＬＸＳ|
05 |ＶＵ                ＣＡ  ＶＧ  |
06 |Ｊ                  ＤＴ  ＩＷ  |
07 |Ｄ            Ｇ    ＲＴ  ＫＰ  |
08 |Ｌ            Ｊ    Ｑ    ＶＨ  |
09 |Ｌ            Ａ                |
-----------------16------------------
00 |    Ｒ  Ｅ        Ｃ    Ｋ      |
01 |  ＬＲＮＧＣ            Ａ      |
02 |  ＫＹＴＹＬ            Ｙ    Ｈ|
03 |  ＵＸＯＫＡ          ＪＴ    Ｄ|
04 |  ＢＧＮＳＣ          ＲＰＬ  Ｓ|
05 |  Ｕ      Ｄ        ＣＡ  ＶＧＮ|
06 |Ｊ                  ＤＴ  ＩＷ  |
07 |Ｄ                  ＲＴ  ＫＰ  |
08 |Ｌ            Ｊ    Ｑ    ＶＨ  |
09 |Ｌ            Ａ    Ｈ      Ｌ  |
-----------------17------------------
00 |    Ｒ      Ｌ    Ｃ            |
01 |    ＲＮＧＣ      Ｋ    Ａ      |
02 |  ＫＹＴＹＬ            Ｙ      |
03 |  ＵＸＯＫＡ            Ｔ    Ｄ|
04 |  ＢＧＮＳＣ          ＲＰ    Ｓ|
05 |  Ｕ    ＴＤ          ＡＷＶＧＮ|
06 |  Ｏ                ＤＴ  ＩＷＧ|
07 |Ｄ                  ＲＴ  ＫＰ  |
08 |Ｌ                  ＱＶ  ＶＨ  |
09 |Ｌ            Ａ    Ｈ    ＪＬ  |
-----------------18------------------
00 |            Ｌ  ＷＣ            |
01 |    Ｒ      Ｋ    Ｋ    Ａ      |
02 |  ＫＹＴＹＬ      Ａ    Ｙ      |
03 |  ＵＸＯＫＡ            Ｔ      |
04 |  ＢＧＮＳＣ          ＲＰ    Ｓ|
05 |  ＵＣＨＴＤ          ＡＷＶ  Ｎ|
06 |  Ｏ    ＣＲ          Ｔ  ＩＷＧ|
07 |                    ＲＴ  ＫＰＢ|
08 |Ｌ                  ＱＶ  ＶＨ  |
09 |Ｌ                  Ｈ    ＪＬ  |
-----------------19------------------
00 |            Ｌ  ＷＣ            |
01 |    Ｒ      Ｋ    Ｋ            |
02 |    ＹＴＹＬ      Ａ    Ｙ      |
03 |  ＵＸＯＫＡ            Ｔ      |
04 |  ＢＧＮＳＣ            Ｐ      |
05 |  ＵＣＨＴＤ          ＡＷ    Ｎ|
06 |  Ｏ    ＣＲ          ＴＬＩＷＧ|
07 |  Ｆ                  Ｔ  ＫＰＢ|
08 |Ｌ                  ＱＶ  ＶＨＳ|
09 |Ｌ                  ＨＮ  ＪＬ  |
-----------------1A------------------
00 |            Ｌ  ＷＣ            |
01 |            Ｋ  ＴＫ            |
02 |    Ｙ      Ｕ    Ａ    Ｙ      |
03 |  ＵＸＯＫＡ      Ｙ    Ｔ      |
04 |  ＢＧＮＳＣ            Ｐ      |
05 |  ＵＣＨＴＤ          ＡＷ      |
06 |  ＯＤＧＣＲ          ＴＬＩ  Ｇ|
07 |  Ｆ    ＶＱ          Ｔ  ＫＰＢ|
08 |                      Ｖ  ＶＨＳ|
09 |Ｌ                  ＨＮ  ＪＬＷ|
-----------------1B------------------
00 |            Ｌ  Ｗ              |
01 |            Ｋ  ＴＫ            |
02 |    Ｙ      Ｕ    Ａ            |
03 |    ＸＯ  ＡＢ    Ｙ    Ｔ      |
04 |  ＢＧＮＳＣ      Ｔ    Ｐ      |
05 |  ＵＣＨＴＤ            Ｗ      |
06 |  ＯＤＧＣＲ          ＴＬ      |
07 |  Ｆ    ＶＱ          ＴＧＫＰＢ|
08 |  Ｔ    Ｆ            Ｖ  ＶＨＳ|
09 |                      Ｎ  ＪＬＷ|
-----------------1C------------------
00 |            ＬＱＷ              |
01 |            Ｋ  Ｔ              |
02 |            Ｕ  ＪＡ            |
03 |    Ｘ      Ｂ    Ｙ    Ｔ      |
04 |  ＢＧＮＳＣ      Ｔ    Ｐ      |
05 |  ＵＣＨＴＤ      Ｐ    Ｗ      |
06 |  ＯＤＧＣＲ          ＴＬ      |
07 |  ＦＶＹＶＱ          ＴＧＫ    |
08 |  Ｔ    ＦＨ          Ｖ  ＶＨＳ|
09 |                      Ｎ  ＪＬＷ|
-----------------1D------------------
00 |            ＬＱＷ              |
01 |            Ｋ  Ｔ              |
02 |            Ｕ  Ｊ              |
03 |    Ｘ      Ｂ    Ｙ            |
04 |    ＧＮ  ＣＵ    Ｔ    Ｐ      |
05 |  ＵＣＨＴＤ      Ｐ    Ｗ      |
06 |  ＯＤＧＣＲ      Ｗ    Ｌ      |
07 |  ＦＶＹＶＱ          ＴＧ      |
08 |  Ｔ    ＦＨ          ＶＡＶＨ  |
09 |  Ｔ    Ｇ            Ｎ  ＪＬＷ|
-----------------1E------------------
00 |              ＱＷ  Ｐ          |
01 |            ＫＢＴ              |
02 |            Ｕ  Ｊ              |
03 |            Ｂ  Ｃ              |
04 |    Ｇ      Ｕ    Ｔ    Ｐ      |
05 |  ＵＣＨ  ＤＯ    Ｐ    Ｗ      |
06 |  ＯＤＧＣＲ      Ｗ    Ｌ      |
07 |  ＦＶＹＶＱ      Ｌ  ＴＧ      |
08 |  ＴＦＪＦＨ          ＶＡＶ    |
09 |  Ｔ    ＧＨ          Ｎ  ＪＬ  |
-----------------1F------------------
00 |              ＱＷ  Ｐ          |
01 |            ＫＢＴ  Ｓ          |
02 |            Ｕ  Ｊ              |
03 |            Ｂ  Ｃ              |
04 |    Ｇ      Ｕ                  |
05 |    ＣＨ  ＤＯ    Ｐ    Ｗ      |
06 |  ＯＤＧＣＲ      Ｗ    Ｌ      |
07 |  ＦＶＹＶＱ      Ｌ    Ｇ      |
08 |  ＴＦＪＦＨ      Ｇ  ＶＡ      |
09 |  Ｔ    ＧＨ          ＮＶＪＬ  |
-----------------20------------------
00 |Ａ            ＱＷ  Ｐ          |
01 |              ＢＴ  Ｓ          |
02 |            ＵＡＪ  Ｙ          |
03 |            Ｂ  Ｃ              |
04 |            Ｕ  Ｍ              |
05 |    Ｃ      Ｏ    Ｐ    Ｗ      |
06 |  ＯＤＧ  ＲＦ    Ｗ    Ｌ      |
07 |  ＦＶＹＶＱ      Ｌ    Ｇ      |
08 |  ＴＦＪＦＨ      Ｇ  ＶＡ      |
09 |  ＴＯＪＧＨ          ＮＶＪ    |
-----------------21------------------
00 |Ａ            ＱＷ  Ｐ          |
01 |              ＢＴ  Ｓ          |
02 |            ＵＡＪ  Ｙ          |
03 |            Ｂ  Ｃ  Ｃ          |
04 |            Ｕ  Ｍ              |
05 |    Ｃ      Ｏ                  |
06 |    ＤＧ  ＲＦ    Ｗ    Ｌ      |
07 |  ＦＶＹＶＱ      Ｌ    Ｇ      |
08 |  ＴＦＪＦＨ      Ｇ    Ａ      |
09 |  ＴＯＪＧＨ      Ａ  ＮＶ      |
-----------------22------------------
00 |Ａ            Ｑ    Ｐ        Ｓ|
01 |Ｌ            ＢＴ  Ｓ          |
02 |              ＡＪ  Ｙ          |
03 |            ＢＹＣ  Ｃ          |
04 |            Ｕ  Ｍ  Ｅ          |
05 |            Ｏ  Ｄ              |
06 |    Ｄ      Ｆ    Ｗ    Ｌ      |
07 |  ＦＶＹ  ＱＴ    Ｌ    Ｇ      |
08 |  ＴＦＪＦＨ      Ｇ    Ａ      |
09 |  ＴＯＪＧＨ      Ａ  ＮＶ      |
-----------------23------------------
00 |Ａ            Ｑ              Ｓ|
01 |Ｌ            ＢＴ  Ｓ          |
02 |              ＡＪ  Ｙ          |
03 |            ＢＹＣ  Ｃ          |
04 |            Ｕ  Ｍ  Ｅ          |
05 |            Ｏ  Ｄ  Ｑ          |
06 |    Ｄ      Ｆ                  |
07 |    ＶＹ  ＱＴ    Ｌ    Ｇ      |
08 |  ＴＦＪＦＨ      Ｇ    Ａ      |
09 |  ＴＯＪＧＨ      Ａ    Ｖ      |
-----------------24------------------
00 |Ａ                            Ｓ|
01 |Ｌ            Ｂ              Ｔ|
02 |Ｖ            ＡＪ  Ｙ          |
03 |              ＹＣ  Ｃ          |
04 |            ＵＹＭ  Ｅ          |
05 |            Ｏ  Ｄ  Ｑ          |
06 |            Ｆ  Ｃ  Ｑ          |
07 |    Ｖ      Ｔ    Ｌ    Ｇ      |
08 |  ＴＦＪ  ＨＴ    Ｇ    Ａ      |
09 |  ＴＯＪＧＨ      Ａ    Ｖ      |
-----------------25------------------
00 |Ａ                            Ｓ|
01 |Ｌ            Ｂ              Ｔ|
02 |Ｖ            ＡＪ            Ｈ|
03 |              ＹＣ  Ｃ          |
04 |              ＹＭ  Ｅ          |
05 |            Ｏ  Ｄ  Ｑ          |
06 |            Ｆ  Ｃ  Ｑ          |
07 |    Ｖ      Ｔ      Ｅ          |
08 |    ＦＪ  ＨＴ    Ｇ    Ａ      |
09 |  ＴＯＪＧＨＱ    Ａ    Ｖ      |
-----------------26------------------
00 |Ａ                          ＷＳ|
01 |Ｌ                            Ｔ|
02 |Ｖ            Ａ              Ｈ|
03 |Ｑ            ＹＣ              |
04 |              ＹＭ  Ｅ          |
05 |            ＯＮＤ  Ｑ          |
06 |            Ｆ  Ｃ  Ｑ          |
07 |            Ｔ  Ｍ  Ｅ          |
08 |    Ｆ      Ｔ    ＧＮ  Ａ      |
09 |  ＴＯＪ  ＨＱ    Ａ    Ｖ      |
-----------------27------------------
00 |Ａ                        ＥＷＳ|
01 |Ｌ                            Ｔ|
02 |Ｖ            Ａ              Ｈ|
03 |Ｑ            ＹＣ            Ｕ|
04 |              ＹＭ              |
05 |              ＮＤ  Ｑ          |
06 |            Ｆ  Ｃ  Ｑ          |
07 |            Ｔ  Ｍ  Ｅ          |
08 |    Ｆ      Ｔ      Ｎ          |
09 |    ＯＪ  ＨＱ    ＡＴ  Ｖ      |
-----------------28------------------
00 |                      Ｒ  ＥＷＳ|
01 |Ｌ                          ＱＴ|
02 |Ｖ                            Ｈ|
03 |Ｑ            Ｙ              Ｕ|
04 |Ｇ            ＹＭ              |
05 |              ＮＤ              |
06 |            ＦＤＣ  Ｑ          |
07 |            Ｔ  Ｍ  Ｅ          |
08 |            Ｔ  Ｂ  Ｎ          |
09 |    Ｏ      Ｑ    ＡＴ  Ｖ      |
-----------------29------------------
00 |                      Ｒ  ＥＷＳ|
01 |Ｌ                    Ｓ  ＴＱＴ|
02 |Ｖ                            Ｈ|
03 |Ｑ            Ｙ              Ｕ|
04 |Ｇ            ＹＭ            Ｃ|
05 |              ＮＤ              |
06 |              ＤＣ              |
07 |            Ｔ  Ｍ  Ｅ          |
08 |            Ｔ  Ｂ  Ｎ          |
09 |    Ｏ      Ｑ      Ｔ          |
-----------------2A------------------
00 |                      Ｒ  ＥＷ  |
01 |                      Ｓ  ＴＱＴ|
02 |Ｖ                    Ｑ    ＲＨ|
03 |Ｑ                            Ｕ|
04 |Ｇ            Ｙ              Ｃ|
05 |Ｗ            ＮＤ            Ｊ|
06 |              ＤＣ              |
07 |              ＪＭ              |
08 |            Ｔ  Ｂ  Ｎ          |
09 |            Ｑ  Ｑ  Ｔ          |
-----------------2B------------------
00 |        Ｃ            Ｒ  ＥＷ  |
01 |                      Ｓ  ＴＱＴ|
02 |Ｖ                    Ｑ  ＤＲＨ|
03 |Ｑ                    Ｂ      Ｕ|
04 |Ｇ            Ｙ              Ｃ|
05 |Ｗ            ＮＤ            Ｊ|
06 |              ＤＣ              |
07 |              ＪＭ              |
08 |            Ｔ  Ｂ              |
09 |            Ｑ  Ｑ  Ｔ          |
-----------------2C------------------
00 |  Ｇ    Ｃ                ＥＷ  |
01 |        Ｎ            Ｓ  ＴＱ  |
02 |                      Ｑ  ＤＲＨ|
03 |Ｑ                    Ｂ    ＢＵ|
04 |Ｇ                    Ｊ      Ｃ|
05 |Ｗ            Ｎ              Ｊ|
06 |Ｔ            ＤＣ            Ｄ|
07 |              ＪＭ              |
08 |              ＲＢ              |
09 |            Ｑ  Ｑ              |
-----------------2D------------------
00 |  Ｇ    ＣＤ              ＥＷ  |
01 |  Ｙ    Ｎ                ＴＱ  |
02 |        Ｉ            Ｑ  ＤＲＨ|
03 |Ｑ                    Ｂ  ＮＢＵ|
04 |Ｇ                    Ｊ      Ｃ|
05 |Ｗ            Ｎ      Ｄ      Ｊ|
06 |Ｔ            ＤＣ            Ｄ|
07 |              ＪＭ              |
08 |              ＲＢ              |
09 |            Ｑ  Ｑ              |
-----------------2E------------------
00 |  Ｇ  ＮＣＤ      Ｂ    ＴＥＷ  |
01 |  Ｙ    ＮＲ              ＴＱ  |
02 |  Ｗ    Ｉ                ＤＲ  |
03 |        Ｔ            Ｂ  ＮＢＵ|
04 |Ｇ                    Ｊ    ＨＣ|
05 |Ｗ                    Ｄ      Ｊ|
06 |Ｔ            Ｄ      Ｌ      Ｄ|
07 |Ｊ            ＪＭ            Ｔ|
08 |              ＲＢ              |
09 |              ＡＱ              |
-----------------2F------------------
00 |  Ｇ  Ｎ  Ｄ      ＢＶ  Ｔ  Ｗ  |
01 |  Ｙ    ＮＲ      Ｘ    ＹＴＱ  |
02 |  Ｗ    ＩＫ              ＤＲ  |
03 |  Ｐ    Ｔ                ＮＢ  |
04 |Ｇ      Ｇ            Ｊ  ＧＨＣ|
05 |Ｗ                    Ｄ      Ｊ|
06 |Ｔ            Ｄ      Ｌ      Ｄ|
07 |Ｊ            ＪＭ    Ｒ      Ｔ|
08 |              ＲＢ            Ｑ|
09 |              ＡＱ              |
-----------------30------------------
00 |    ＬＮ  Ｄ      ＢＶ  Ｔ      |
01 |  Ｙ  Ｇ  Ｒ      ＸＣ  ＹＴＱ  |
02 |  Ｗ    ＩＫ      Ｍ    ＶＤＲ  |
03 |  Ｐ    ＴＥ              ＮＢ  |
04 |  Ｎ    Ｇ                ＧＨ  |
05 |Ｗ      Ｈ            Ｄ    ＯＪ|
06 |Ｔ                    Ｌ      Ｄ|
07 |Ｊ            Ｊ      Ｒ      Ｔ|
08 |Ｖ            ＲＢ    Ｈ      Ｑ|
09 |              ＡＱ            Ｃ|
-----------------31------------------
00 |    ＬＮ  Ｄ      ＢＶ  Ｔ      |
01 |      Ｇ  Ｒ      ＸＣ  Ｙ  Ｑ  |
02 |  Ｗ      Ｋ      ＭＥ  ＶＤＲ  |
03 |  Ｐ    ＴＥ      Ｎ    ＴＮＢ  |
04 |  Ｎ    ＧＪ              ＧＨ  |
05 |ＷＳ    Ｈ                ＮＯ  |
06 |Ｔ      Ｏ            Ｌ      Ｄ|
07 |Ｊ            Ｊ      Ｒ      Ｔ|
08 |Ｖ            ＲＢ    Ｈ      Ｑ|
09 |              ＡＱ    Ｖ      Ｃ|
